// Jest Snapshot v1, https://goo.gl/fbAQLP

exports[`Datalist component should render 1`] = `
<FieldTemplate
  description="This is my datalist"
  errorMessage="This should be correct"
  id="my-datalist"
  isValid={true}
  label="My List"
  required={undefined}
>
  <Datalist component
    autoFocus={true}
    description="This is my datalist"
    disabled={false}
    id="my-datalist-select"
    input={true}
    multiSection={false}
    onChange={[Function]}
    onFocus={[Function]}
    placeholder="Type here"
    readOnly={false}
    restricted={true}
    titleMap={
      Array [
        Object {
          "name": "Foo",
          "value": "foo",
        },
        Object {
          "name": "Bar",
          "value": "bar",
        },
        Object {
          "name": "Lol",
          "value": "lol",
        },
        Object {
          "name": "foo",
          "value": "foo",
        },
      ]
    }
    value="foo"
  />
</FieldTemplate>
`;
