exports[`DisplayLarge should render its name 1`] = `
<div
  className={undefined} />
`;
