exports[`Action should render its name 1`] = `
<div
  className="mock-provider">
  <button
    className="tc-action">
    My article
  </button>
</div>
`;
