exports[`OneColumn should render its name 1`] = `<div />`;
