exports[`<Form/> <Form actions/> Renders form with custom css 1`] = `
<form
  acceptCharset={undefined}
  action={undefined}
  autoComplete={undefined}
  className="form"
  encType={undefined}
  id={undefined}
  method={undefined}
  name={undefined}
  onSubmit={[Function]}
  target={undefined}>
  <div>
    <fieldset>
      <legend
        id="root__title">
        TestForm
      </legend>
      <div>
        <div
          className={undefined}
          style={
            Object {
              "backgroundColor": "transparent",
              "cursor": "auto",
              "display": "inline-block",
              "fontFamily": "Roboto, sans-serif",
              "fontSize": 16,
              "height": 72,
              "lineHeight": "24px",
              "muiPrepared": true,
              "position": "relative",
              "transition": "height 200ms cubic-bezier(0.23, 1, 0.32, 1) 0ms",
              "width": 256,
            }
          }>
          <label
            className={undefined}
            htmlFor="root_name"
            onTouchTap={undefined}
            style={
              Object {
                "color": "rgba(0, 0, 0, 0.3)",
                "lineHeight": "22px",
                "muiPrepared": true,
                "pointerEvents": "none",
                "position": "absolute",
                "top": 38,
                "transform": "scale(0.75) translate(0, -28px)",
                "transformOrigin": "left top",
                "transition": "all 450ms cubic-bezier(0.23, 1, 0.32, 1) 0ms",
                "userSelect": "none",
                "zIndex": 1,
              }
            }>
            Name
          </label>
          <input
            autoFocus={false}
            disabled={false}
            id="root_name"
            onBlur={[Function]}
            onChange={[Function]}
            onFocus={[Function]}
            placeholder=""
            readOnly={false}
            required={false}
            style={
              Object {
                "WebkitTapHighlightColor": "rgba(0,0,0,0)",
                "appearance": "textfield",
                "backgroundColor": "rgba(0,0,0,0)",
                "border": "none",
                "boxSizing": "border-box",
                "color": "#000000",
                "cursor": "inherit",
                "font": "inherit",
                "height": "100%",
                "marginTop": 14,
                "muiPrepared": true,
                "outline": "none",
                "padding": 0,
                "position": "relative",
                "width": "100%",
              }
            }
            type="text"
            value="John Doe" />
          <div>
            <hr
              style={
                Object {
                  "border": "none",
                  "borderBottom": "solid 1px",
                  "borderColor": "#e0e0e0",
                  "bottom": 8,
                  "boxSizing": "content-box",
                  "margin": 0,
                  "muiPrepared": true,
                  "position": "absolute",
                  "width": "100%",
                }
              } />
            <hr
              style={
                Object {
                  "border": "none",
                  "borderBottom": "solid 2px",
                  "borderColor": "rgba(0, 0, 0, 0.54)",
                  "bottom": 8,
                  "boxSizing": "content-box",
                  "margin": 0,
                  "muiPrepared": true,
                  "position": "absolute",
                  "transform": "scaleX(0)",
                  "transition": "all 450ms cubic-bezier(0.23, 1, 0.32, 1) 0ms",
                  "width": "100%",
                }
              } />
          </div>
        </div>
        <div />
        <div />
      </div>
      <div>
        <div
          autoFocus={false}
          className={undefined}
          multiple={undefined}
          readOnly={false}
          required={false}
          style={
            Object {
              "backgroundColor": "transparent",
              "cursor": "auto",
              "display": "inline-block",
              "fontFamily": "Roboto, sans-serif",
              "fontSize": 16,
              "height": 72,
              "lineHeight": "24px",
              "muiPrepared": true,
              "position": "relative",
              "transition": "height 200ms cubic-bezier(0.23, 1, 0.32, 1) 0ms",
              "width": 256,
            }
          }>
          <label
            className={undefined}
            htmlFor="root_roles"
            onTouchTap={undefined}
            style={
              Object {
                "color": "rgba(0, 0, 0, 0.3)",
                "lineHeight": "22px",
                "muiPrepared": true,
                "pointerEvents": "none",
                "position": "absolute",
                "top": 38,
                "transform": "scale(0.75) translate(0, -28px)",
                "transformOrigin": "left top",
                "transition": "all 450ms cubic-bezier(0.23, 1, 0.32, 1) 0ms",
                "userSelect": "none",
                "zIndex": 1,
              }
            }>
            roles
          </label>
          <div
            className={undefined}
            disabled={false}
            id="root_roles"
            onBlur={[Function]}
            onChange={[Function]}
            onFocus={[Function]}
            style={
              Object {
                "WebkitTapHighlightColor": "rgba(0,0,0,0)",
                "backgroundColor": "rgba(0,0,0,0)",
                "border": "none",
                "boxSizing": "border-box",
                "color": "#000000",
                "cursor": "inherit",
                "display": "block",
                "font": "inherit",
                "fontFamily": "Roboto, sans-serif",
                "fontSize": 15,
                "height": "100%",
                "marginTop": 14,
                "muiPrepared": true,
                "outline": "none",
                "padding": 0,
                "position": "relative",
                "transition": "all 450ms cubic-bezier(0.23, 1, 0.32, 1) 0ms",
                "width": "100%",
              }
            }>
            <div
              onTouchTap={[Function]}
              style={
                Object {
                  "cursor": "pointer",
                  "height": "100%",
                  "muiPrepared": true,
                  "position": "relative",
                  "width": "100%",
                }
              }>
              <div
                style={
                  Object {
                    "boxSizing": "border-box",
                    "content": "\' \'",
                    "display": "table",
                    "muiPrepared": true,
                  }
                } />
              <div
                style={
                  Object {
                    "color": "#000000",
                    "lineHeight": "56px",
                    "muiPrepared": true,
                    "opacity": 1,
                    "paddingLeft": 0,
                    "paddingRight": 48,
                    "position": "relative",
                    "top": 6,
                  }
                }>
                dev
              </div>
              <svg
                onMouseEnter={[Function]}
                onMouseLeave={[Function]}
                style={
                  Object {
                    "color": "#000000",
                    "display": "inline-block",
                    "fill": "#e0e0e0",
                    "height": 24,
                    "muiPrepared": true,
                    "position": "absolute",
                    "right": 0,
                    "top": 22,
                    "transition": "all 450ms cubic-bezier(0.23, 1, 0.32, 1) 0ms",
                    "userSelect": "none",
                    "width": 24,
                  }
                }
                viewBox="0 0 24 24">
                <path
                  d="M7 10l5 5 5-5z" />
              </svg>
              <div
                style={
                  Object {
                    "borderTop": "none",
                    "bottom": 1,
                    "left": 0,
                    "margin": "-1px 24px",
                    "muiPrepared": true,
                    "position": "absolute",
                    "right": 0,
                  }
                } />
              <div
                style={
                  Object {
                    "boxSizing": "border-box",
                    "clear": "both",
                    "content": "\' \'",
                    "display": "table",
                    "muiPrepared": true,
                  }
                } />
            </div>
            <div />
          </div>
          <div>
            <hr
              style={
                Object {
                  "border": "none",
                  "borderBottom": "solid 1px",
                  "borderColor": "#e0e0e0",
                  "bottom": 8,
                  "boxSizing": "content-box",
                  "margin": 0,
                  "muiPrepared": true,
                  "position": "absolute",
                  "width": "100%",
                }
              } />
            <hr
              style={
                Object {
                  "border": "none",
                  "borderBottom": "solid 2px",
                  "borderColor": "rgba(0, 0, 0, 0.54)",
                  "bottom": 8,
                  "boxSizing": "content-box",
                  "margin": 0,
                  "muiPrepared": true,
                  "position": "absolute",
                  "transform": "scaleX(0)",
                  "transition": "all 450ms cubic-bezier(0.23, 1, 0.32, 1) 0ms",
                  "width": "100%",
                }
              } />
          </div>
        </div>
        <div />
        <div />
      </div>
    </fieldset>
    <div />
    <div />
  </div>
  <div
    className="buttons">
    <button
      className="btn btn-primary"
      disabled={false}
      onClick={[Function]}
      title={undefined}
      type="submit">
      Submit
    </button>
    <button
      className="btn btn-link"
      disabled={false}
      onClick={[Function]}
      title={undefined}
      type="reset">
      Reset
    </button>
  </div>
</form>
`;
