// Jest Snapshot v1, https://goo.gl/fbAQLP

exports[`Datalist component should render a typeahead 1`] = `
<div
  className="theme-tc-datalist"
>
  <Typeahead
    autoFocus={true}
    caret={true}
    disabled={false}
    docked={false}
    errorMessage="This should be correct"
    id="my-datalist"
    isValid={true}
    items={null}
    multiSection={false}
    noResultText="there is nothing ..."
    onBlur={[Function]}
    onChange={[Function]}
    onFocus={[Function]}
    onKeyDown={[Function]}
    onSelect={[Function]}
    placeholder="Type here"
    position="left"
    previousValue="foo"
    readOnly={false}
    restricted={false}
    searching={false}
    searchingText="Searching for matchesâ€¦"
    theme={
      Object {
        "container": "theme-container tc-datalist-container",
        "itemsContainer": "theme-items-container",
        "itemsList": "theme-items",
      }
    }
    title="My List"
    titleMap={
      Array [
        Object {
          "name": "foo",
          "value": "foo",
        },
        Object {
          "name": "bar",
          "value": "bar",
        },
        Object {
          "name": "foobar",
          "value": "foobar",
        },
        Object {
          "name": "lol",
          "value": "lol",
        },
      ]
    }
    titleMapping={
      Object {
        "bar": "bar",
        "foo": "foo",
        "foobar": "foobar",
        "lol": "lol",
      }
    }
    value="foo"
  />
</div>
`;
