// Jest Snapshot v1, https://goo.gl/fbAQLP

exports[`Redirect action should create a CMF redirection action 1`] = `
Object {
  "cmf": Object {
    "routerPush": "/my/resource/myModelId/history",
  },
  "type": "REDIRECT",
}
`;
