exports[`TwoColumns should render its name 1`] = `
<div
  className={undefined}>
  <div
    className={undefined} />
  <div
    className={undefined} />
</div>
`;
